main.c:101:7:map	32	static
main.c:105:6:delay	16	static
main.c:112:6:Set_Pin_Output	40	static
main.c:121:6:Set_Pin_Input	40	static
main.c:135:6:DHT22_Start	8	static
main.c:148:9:DHT22_Check_Response	16	static
main.c:165:9:DHT22_Read	16	static
main.c:190:5:main	344	static
main.c:378:6:SystemClock_Config	120	static
main.c:430:13:MX_ADC1_Init	48	static
main.c:495:13:MX_TIM2_Init	40	static
main.c:540:13:MX_TIM3_Init	40	static
main.c:585:13:MX_TIM6_Init	24	static
main.c:623:13:MX_USART3_UART_Init	8	static
main.c:671:13:MX_GPIO_Init	56	static
main.c:794:6:HAL_TIM_PeriodElapsedCallback	16	static
main.c:895:6:HAL_GPIO_EXTI_Callback	16	static
main.c:909:6:Error_Handler	4	static,ignoring_inline_asm
