main.c:72:7:map	32	static
main.c:78:6:delay	16	static
main.c:92:6:Set_Pin_Output	40	static
main.c:101:6:Set_Pin_Input	40	static
main.c:114:6:DHT11_Start	8	static
main.c:124:9:DHT11_Check_Response	16	static
main.c:139:9:DHT11_Read	16	static
main.c:171:5:main	240	static
main.c:359:6:SystemClock_Config	120	static
main.c:411:13:MX_ADC1_Init	48	static
main.c:476:13:MX_TIM3_Init	40	static
main.c:521:13:MX_TIM6_Init	24	static
main.c:559:13:MX_USART3_UART_Init	8	static
main.c:607:13:MX_GPIO_Init	56	static
main.c:723:6:HAL_TIM_PeriodElapsedCallback	16	static
main.c:824:6:HAL_GPIO_EXTI_Callback	16	static
main.c:838:6:Error_Handler	4	static,ignoring_inline_asm
